// Jest Snapshot v1, https://goo.gl/fbAQLP

exports[`should renders correctly 1`] = `
.c0 {
  font-size: 20px;
  color: red;
}

<div
  className="c0"
>
  Hello world 
  jam
   
</div>
`;
