// Jest Snapshot v1, https://goo.gl/fbAQLP

exports[`should renders correctly 1`] = `
.c0 {
  -webkit-animation: iVXCSc infinite 20s linear;
  animation: iVXCSc infinite 20s linear;
  width: 60px;
  height: 31px;
  margin: 16px 24px 16px -16px;
  float: left;
}

<img
  className="c0"
  src="logo.svg"
>
  somthing
</img>
`;
