// Jest Snapshot v1, https://goo.gl/fbAQLP

exports[`should renders correctly 1`] = `
.c0 {
  width: 100%;
  color: white;
}

<header
  className="c0 ant-layout-header"
>
  somthing
</header>
`;
