// Jest Snapshot v1, https://goo.gl/fbAQLP

exports[`should renders correctly 1`] = `
.c0 {
  font-size: 1.5rem;
}

<h1
  className="c0"
>
  somthing
</h1>
`;
